// Jest Snapshot v1, https://goo.gl/fbAQLP

exports[`RaceOptions component renders correctly 1`] = `
ShallowWrapper {
  "length": 1,
  Symbol(enzyme.__root__): [Circular],
  Symbol(enzyme.__unrendered__): <RaceOptions
    props={
      Object {
        "race": Object {
          "raceId": 999,
        },
      }
    }
  />,
  Symbol(enzyme.__renderer__): Object {
    "batchedUpdates": [Function],
    "getNode": [Function],
    "render": [Function],
    "simulateEvent": [Function],
    "unmount": [Function],
  },
  Symbol(enzyme.__node__): Object {
    "instance": null,
    "key": null,
    "nodeType": "host",
    "props": Object {
      "children": <div
        className="twelve columns round undefined"
      >
        <h4
          onClick={[Function]}
        >
          <a
            href="#"
          >
            undefined - undefined
          </a>
        </h4>
        <div
          className="toggle hidden"
          id={undefined}
        >
          <p>
            December 8th 2017
          </p>
          <p>
            <a
              className="togglable"
              href="#"
              onClick={[Function]}
            >
              Qualifying results 
              <img
                alt="read more icon"
                className="toggle-icon"
                src="../images/down-arrow.svg"
              />
            </a>
          </p>
          <p>
            <a
              className="togglable"
              href="#"
              onClick={[Function]}
            >
              Starting grid 
              <img
                alt="read more icon"
                className="toggle-icon"
                src="../images/down-arrow.svg"
              />
            </a>
          </p>
          <p>
            <a
              href="/#/season/undefined/undefined/visualise"
            >
              Visualise
            </a>
          </p>
          <p>
            <a
              className="togglable"
              href="#"
              onClick={[Function]}
            >
              Results 
              <img
                alt="read more icon"
                className="toggle-icon"
                src="../images/down-arrow.svg"
              />
            </a>
          </p>
          <p>
            <a
              href={undefined}
            >
               
               on Wikipedia
            </a>
          </p>
          <div
            className="separator"
          />
        </div>
      </div>,
      "className": "row single-round",
    },
    "ref": null,
    "rendered": Object {
      "instance": null,
      "key": null,
      "nodeType": "host",
      "props": Object {
        "children": Array [
          <h4
            onClick={[Function]}
          >
            <a
              href="#"
            >
              undefined - undefined
            </a>
          </h4>,
          <div
            className="toggle hidden"
            id={undefined}
          >
            <p>
              December 8th 2017
            </p>
            <p>
              <a
                className="togglable"
                href="#"
                onClick={[Function]}
              >
                Qualifying results 
                <img
                  alt="read more icon"
                  className="toggle-icon"
                  src="../images/down-arrow.svg"
                />
              </a>
            </p>
            <p>
              <a
                className="togglable"
                href="#"
                onClick={[Function]}
              >
                Starting grid 
                <img
                  alt="read more icon"
                  className="toggle-icon"
                  src="../images/down-arrow.svg"
                />
              </a>
            </p>
            <p>
              <a
                href="/#/season/undefined/undefined/visualise"
              >
                Visualise
              </a>
            </p>
            <p>
              <a
                className="togglable"
                href="#"
                onClick={[Function]}
              >
                Results 
                <img
                  alt="read more icon"
                  className="toggle-icon"
                  src="../images/down-arrow.svg"
                />
              </a>
            </p>
            <p>
              <a
                href={undefined}
              >
                 
                 on Wikipedia
              </a>
            </p>
            <div
              className="separator"
            />
          </div>,
        ],
        "className": "twelve columns round undefined",
      },
      "ref": null,
      "rendered": Array [
        Object {
          "instance": null,
          "key": null,
          "nodeType": "host",
          "props": Object {
            "children": <a
              href="#"
            >
              undefined - undefined
            </a>,
            "onClick": [Function],
          },
          "ref": null,
          "rendered": Object {
            "instance": null,
            "key": null,
            "nodeType": "host",
            "props": Object {
              "children": "undefined - undefined",
              "href": "#",
            },
            "ref": null,
            "rendered": "undefined - undefined",
            "type": "a",
          },
          "type": "h4",
        },
        Object {
          "instance": null,
          "key": null,
          "nodeType": "host",
          "props": Object {
            "children": Array [
              <p>
                December 8th 2017
              </p>,
              <p>
                <a
                  className="togglable"
                  href="#"
                  onClick={[Function]}
                >
                  Qualifying results 
                  <img
                    alt="read more icon"
                    className="toggle-icon"
                    src="../images/down-arrow.svg"
                  />
                </a>
              </p>,
              null,
              <p>
                <a
                  className="togglable"
                  href="#"
                  onClick={[Function]}
                >
                  Starting grid 
                  <img
                    alt="read more icon"
                    className="toggle-icon"
                    src="../images/down-arrow.svg"
                  />
                </a>
              </p>,
              null,
              <p>
                <a
                  href="/#/season/undefined/undefined/visualise"
                >
                  Visualise
                </a>
              </p>,
              <p>
                <a
                  className="togglable"
                  href="#"
                  onClick={[Function]}
                >
                  Results 
                  <img
                    alt="read more icon"
                    className="toggle-icon"
                    src="../images/down-arrow.svg"
                  />
                </a>
              </p>,
              null,
              <p>
                <a
                  href={undefined}
                >
                   
                   on Wikipedia
                </a>
              </p>,
              <div
                className="separator"
              />,
            ],
            "className": "toggle hidden",
            "id": undefined,
          },
          "ref": null,
          "rendered": Array [
            Object {
              "instance": null,
              "key": null,
              "nodeType": "host",
              "props": Object {
                "children": "December 8th 2017",
              },
              "ref": null,
              "rendered": "December 8th 2017",
              "type": "p",
            },
            Object {
              "instance": null,
              "key": null,
              "nodeType": "host",
              "props": Object {
                "children": <a
                  className="togglable"
                  href="#"
                  onClick={[Function]}
                >
                  Qualifying results 
                  <img
                    alt="read more icon"
                    className="toggle-icon"
                    src="../images/down-arrow.svg"
                  />
                </a>,
              },
              "ref": null,
              "rendered": Object {
                "instance": null,
                "key": null,
                "nodeType": "host",
                "props": Object {
                  "children": Array [
                    "Qualifying results ",
                    <img
                      alt="read more icon"
                      className="toggle-icon"
                      src="../images/down-arrow.svg"
                    />,
                  ],
                  "className": "togglable",
                  "href": "#",
                  "onClick": [Function],
                },
                "ref": null,
                "rendered": Array [
                  "Qualifying results ",
                  Object {
                    "instance": null,
                    "key": null,
                    "nodeType": "host",
                    "props": Object {
                      "alt": "read more icon",
                      "className": "toggle-icon",
                      "src": "../images/down-arrow.svg",
                    },
                    "ref": null,
                    "rendered": null,
                    "type": "img",
                  },
                ],
                "type": "a",
              },
              "type": "p",
            },
            null,
            Object {
              "instance": null,
              "key": null,
              "nodeType": "host",
              "props": Object {
                "children": <a
                  className="togglable"
                  href="#"
                  onClick={[Function]}
                >
                  Starting grid 
                  <img
                    alt="read more icon"
                    className="toggle-icon"
                    src="../images/down-arrow.svg"
                  />
                </a>,
              },
              "ref": null,
              "rendered": Object {
                "instance": null,
                "key": null,
                "nodeType": "host",
                "props": Object {
                  "children": Array [
                    "Starting grid ",
                    <img
                      alt="read more icon"
                      className="toggle-icon"
                      src="../images/down-arrow.svg"
                    />,
                  ],
                  "className": "togglable",
                  "href": "#",
                  "onClick": [Function],
                },
                "ref": null,
                "rendered": Array [
                  "Starting grid ",
                  Object {
                    "instance": null,
                    "key": null,
                    "nodeType": "host",
                    "props": Object {
                      "alt": "read more icon",
                      "className": "toggle-icon",
                      "src": "../images/down-arrow.svg",
                    },
                    "ref": null,
                    "rendered": null,
                    "type": "img",
                  },
                ],
                "type": "a",
              },
              "type": "p",
            },
            null,
            Object {
              "instance": null,
              "key": null,
              "nodeType": "host",
              "props": Object {
                "children": <a
                  href="/#/season/undefined/undefined/visualise"
                >
                  Visualise
                </a>,
              },
              "ref": null,
              "rendered": Object {
                "instance": null,
                "key": null,
                "nodeType": "host",
                "props": Object {
                  "children": "Visualise",
                  "href": "/#/season/undefined/undefined/visualise",
                },
                "ref": null,
                "rendered": "Visualise",
                "type": "a",
              },
              "type": "p",
            },
            Object {
              "instance": null,
              "key": null,
              "nodeType": "host",
              "props": Object {
                "children": <a
                  className="togglable"
                  href="#"
                  onClick={[Function]}
                >
                  Results 
                  <img
                    alt="read more icon"
                    className="toggle-icon"
                    src="../images/down-arrow.svg"
                  />
                </a>,
              },
              "ref": null,
              "rendered": Object {
                "instance": null,
                "key": null,
                "nodeType": "host",
                "props": Object {
                  "children": Array [
                    "Results ",
                    <img
                      alt="read more icon"
                      className="toggle-icon"
                      src="../images/down-arrow.svg"
                    />,
                  ],
                  "className": "togglable",
                  "href": "#",
                  "onClick": [Function],
                },
                "ref": null,
                "rendered": Array [
                  "Results ",
                  Object {
                    "instance": null,
                    "key": null,
                    "nodeType": "host",
                    "props": Object {
                      "alt": "read more icon",
                      "className": "toggle-icon",
                      "src": "../images/down-arrow.svg",
                    },
                    "ref": null,
                    "rendered": null,
                    "type": "img",
                  },
                ],
                "type": "a",
              },
              "type": "p",
            },
            null,
            Object {
              "instance": null,
              "key": null,
              "nodeType": "host",
              "props": Object {
                "children": <a
                  href={undefined}
                >
                   
                   on Wikipedia
                </a>,
              },
              "ref": null,
              "rendered": Object {
                "instance": null,
                "key": null,
                "nodeType": "host",
                "props": Object {
                  "children": Array [
                    undefined,
                    " ",
                    undefined,
                    " on Wikipedia",
                  ],
                  "href": undefined,
                },
                "ref": null,
                "rendered": Array [
                  undefined,
                  " ",
                  undefined,
                  " on Wikipedia",
                ],
                "type": "a",
              },
              "type": "p",
            },
            Object {
              "instance": null,
              "key": null,
              "nodeType": "host",
              "props": Object {
                "className": "separator",
              },
              "ref": null,
              "rendered": null,
              "type": "div",
            },
          ],
          "type": "div",
        },
      ],
      "type": "div",
    },
    "type": "div",
  },
  Symbol(enzyme.__nodes__): Array [
    Object {
      "instance": null,
      "key": null,
      "nodeType": "host",
      "props": Object {
        "children": <div
          className="twelve columns round undefined"
        >
          <h4
            onClick={[Function]}
          >
            <a
              href="#"
            >
              undefined - undefined
            </a>
          </h4>
          <div
            className="toggle hidden"
            id={undefined}
          >
            <p>
              December 8th 2017
            </p>
            <p>
              <a
                className="togglable"
                href="#"
                onClick={[Function]}
              >
                Qualifying results 
                <img
                  alt="read more icon"
                  className="toggle-icon"
                  src="../images/down-arrow.svg"
                />
              </a>
            </p>
            <p>
              <a
                className="togglable"
                href="#"
                onClick={[Function]}
              >
                Starting grid 
                <img
                  alt="read more icon"
                  className="toggle-icon"
                  src="../images/down-arrow.svg"
                />
              </a>
            </p>
            <p>
              <a
                href="/#/season/undefined/undefined/visualise"
              >
                Visualise
              </a>
            </p>
            <p>
              <a
                className="togglable"
                href="#"
                onClick={[Function]}
              >
                Results 
                <img
                  alt="read more icon"
                  className="toggle-icon"
                  src="../images/down-arrow.svg"
                />
              </a>
            </p>
            <p>
              <a
                href={undefined}
              >
                 
                 on Wikipedia
              </a>
            </p>
            <div
              className="separator"
            />
          </div>
        </div>,
        "className": "row single-round",
      },
      "ref": null,
      "rendered": Object {
        "instance": null,
        "key": null,
        "nodeType": "host",
        "props": Object {
          "children": Array [
            <h4
              onClick={[Function]}
            >
              <a
                href="#"
              >
                undefined - undefined
              </a>
            </h4>,
            <div
              className="toggle hidden"
              id={undefined}
            >
              <p>
                December 8th 2017
              </p>
              <p>
                <a
                  className="togglable"
                  href="#"
                  onClick={[Function]}
                >
                  Qualifying results 
                  <img
                    alt="read more icon"
                    className="toggle-icon"
                    src="../images/down-arrow.svg"
                  />
                </a>
              </p>
              <p>
                <a
                  className="togglable"
                  href="#"
                  onClick={[Function]}
                >
                  Starting grid 
                  <img
                    alt="read more icon"
                    className="toggle-icon"
                    src="../images/down-arrow.svg"
                  />
                </a>
              </p>
              <p>
                <a
                  href="/#/season/undefined/undefined/visualise"
                >
                  Visualise
                </a>
              </p>
              <p>
                <a
                  className="togglable"
                  href="#"
                  onClick={[Function]}
                >
                  Results 
                  <img
                    alt="read more icon"
                    className="toggle-icon"
                    src="../images/down-arrow.svg"
                  />
                </a>
              </p>
              <p>
                <a
                  href={undefined}
                >
                   
                   on Wikipedia
                </a>
              </p>
              <div
                className="separator"
              />
            </div>,
          ],
          "className": "twelve columns round undefined",
        },
        "ref": null,
        "rendered": Array [
          Object {
            "instance": null,
            "key": null,
            "nodeType": "host",
            "props": Object {
              "children": <a
                href="#"
              >
                undefined - undefined
              </a>,
              "onClick": [Function],
            },
            "ref": null,
            "rendered": Object {
              "instance": null,
              "key": null,
              "nodeType": "host",
              "props": Object {
                "children": "undefined - undefined",
                "href": "#",
              },
              "ref": null,
              "rendered": "undefined - undefined",
              "type": "a",
            },
            "type": "h4",
          },
          Object {
            "instance": null,
            "key": null,
            "nodeType": "host",
            "props": Object {
              "children": Array [
                <p>
                  December 8th 2017
                </p>,
                <p>
                  <a
                    className="togglable"
                    href="#"
                    onClick={[Function]}
                  >
                    Qualifying results 
                    <img
                      alt="read more icon"
                      className="toggle-icon"
                      src="../images/down-arrow.svg"
                    />
                  </a>
                </p>,
                null,
                <p>
                  <a
                    className="togglable"
                    href="#"
                    onClick={[Function]}
                  >
                    Starting grid 
                    <img
                      alt="read more icon"
                      className="toggle-icon"
                      src="../images/down-arrow.svg"
                    />
                  </a>
                </p>,
                null,
                <p>
                  <a
                    href="/#/season/undefined/undefined/visualise"
                  >
                    Visualise
                  </a>
                </p>,
                <p>
                  <a
                    className="togglable"
                    href="#"
                    onClick={[Function]}
                  >
                    Results 
                    <img
                      alt="read more icon"
                      className="toggle-icon"
                      src="../images/down-arrow.svg"
                    />
                  </a>
                </p>,
                null,
                <p>
                  <a
                    href={undefined}
                  >
                     
                     on Wikipedia
                  </a>
                </p>,
                <div
                  className="separator"
                />,
              ],
              "className": "toggle hidden",
              "id": undefined,
            },
            "ref": null,
            "rendered": Array [
              Object {
                "instance": null,
                "key": null,
                "nodeType": "host",
                "props": Object {
                  "children": "December 8th 2017",
                },
                "ref": null,
                "rendered": "December 8th 2017",
                "type": "p",
              },
              Object {
                "instance": null,
                "key": null,
                "nodeType": "host",
                "props": Object {
                  "children": <a
                    className="togglable"
                    href="#"
                    onClick={[Function]}
                  >
                    Qualifying results 
                    <img
                      alt="read more icon"
                      className="toggle-icon"
                      src="../images/down-arrow.svg"
                    />
                  </a>,
                },
                "ref": null,
                "rendered": Object {
                  "instance": null,
                  "key": null,
                  "nodeType": "host",
                  "props": Object {
                    "children": Array [
                      "Qualifying results ",
                      <img
                        alt="read more icon"
                        className="toggle-icon"
                        src="../images/down-arrow.svg"
                      />,
                    ],
                    "className": "togglable",
                    "href": "#",
                    "onClick": [Function],
                  },
                  "ref": null,
                  "rendered": Array [
                    "Qualifying results ",
                    Object {
                      "instance": null,
                      "key": null,
                      "nodeType": "host",
                      "props": Object {
                        "alt": "read more icon",
                        "className": "toggle-icon",
                        "src": "../images/down-arrow.svg",
                      },
                      "ref": null,
                      "rendered": null,
                      "type": "img",
                    },
                  ],
                  "type": "a",
                },
                "type": "p",
              },
              null,
              Object {
                "instance": null,
                "key": null,
                "nodeType": "host",
                "props": Object {
                  "children": <a
                    className="togglable"
                    href="#"
                    onClick={[Function]}
                  >
                    Starting grid 
                    <img
                      alt="read more icon"
                      className="toggle-icon"
                      src="../images/down-arrow.svg"
                    />
                  </a>,
                },
                "ref": null,
                "rendered": Object {
                  "instance": null,
                  "key": null,
                  "nodeType": "host",
                  "props": Object {
                    "children": Array [
                      "Starting grid ",
                      <img
                        alt="read more icon"
                        className="toggle-icon"
                        src="../images/down-arrow.svg"
                      />,
                    ],
                    "className": "togglable",
                    "href": "#",
                    "onClick": [Function],
                  },
                  "ref": null,
                  "rendered": Array [
                    "Starting grid ",
                    Object {
                      "instance": null,
                      "key": null,
                      "nodeType": "host",
                      "props": Object {
                        "alt": "read more icon",
                        "className": "toggle-icon",
                        "src": "../images/down-arrow.svg",
                      },
                      "ref": null,
                      "rendered": null,
                      "type": "img",
                    },
                  ],
                  "type": "a",
                },
                "type": "p",
              },
              null,
              Object {
                "instance": null,
                "key": null,
                "nodeType": "host",
                "props": Object {
                  "children": <a
                    href="/#/season/undefined/undefined/visualise"
                  >
                    Visualise
                  </a>,
                },
                "ref": null,
                "rendered": Object {
                  "instance": null,
                  "key": null,
                  "nodeType": "host",
                  "props": Object {
                    "children": "Visualise",
                    "href": "/#/season/undefined/undefined/visualise",
                  },
                  "ref": null,
                  "rendered": "Visualise",
                  "type": "a",
                },
                "type": "p",
              },
              Object {
                "instance": null,
                "key": null,
                "nodeType": "host",
                "props": Object {
                  "children": <a
                    className="togglable"
                    href="#"
                    onClick={[Function]}
                  >
                    Results 
                    <img
                      alt="read more icon"
                      className="toggle-icon"
                      src="../images/down-arrow.svg"
                    />
                  </a>,
                },
                "ref": null,
                "rendered": Object {
                  "instance": null,
                  "key": null,
                  "nodeType": "host",
                  "props": Object {
                    "children": Array [
                      "Results ",
                      <img
                        alt="read more icon"
                        className="toggle-icon"
                        src="../images/down-arrow.svg"
                      />,
                    ],
                    "className": "togglable",
                    "href": "#",
                    "onClick": [Function],
                  },
                  "ref": null,
                  "rendered": Array [
                    "Results ",
                    Object {
                      "instance": null,
                      "key": null,
                      "nodeType": "host",
                      "props": Object {
                        "alt": "read more icon",
                        "className": "toggle-icon",
                        "src": "../images/down-arrow.svg",
                      },
                      "ref": null,
                      "rendered": null,
                      "type": "img",
                    },
                  ],
                  "type": "a",
                },
                "type": "p",
              },
              null,
              Object {
                "instance": null,
                "key": null,
                "nodeType": "host",
                "props": Object {
                  "children": <a
                    href={undefined}
                  >
                     
                     on Wikipedia
                  </a>,
                },
                "ref": null,
                "rendered": Object {
                  "instance": null,
                  "key": null,
                  "nodeType": "host",
                  "props": Object {
                    "children": Array [
                      undefined,
                      " ",
                      undefined,
                      " on Wikipedia",
                    ],
                    "href": undefined,
                  },
                  "ref": null,
                  "rendered": Array [
                    undefined,
                    " ",
                    undefined,
                    " on Wikipedia",
                  ],
                  "type": "a",
                },
                "type": "p",
              },
              Object {
                "instance": null,
                "key": null,
                "nodeType": "host",
                "props": Object {
                  "className": "separator",
                },
                "ref": null,
                "rendered": null,
                "type": "div",
              },
            ],
            "type": "div",
          },
        ],
        "type": "div",
      },
      "type": "div",
    },
  ],
  Symbol(enzyme.__options__): Object {
    "adapter": ReactFifteenAdapter {
      "options": Object {
        "supportPrevContextArgumentOfComponentDidUpdate": true,
      },
    },
  },
}
`;
